// Jest Snapshot v1, https://goo.gl/fbAQLP

exports[`Component: <List> Renders <List> 1`] = `
ShallowWrapper {
  "length": 1,
  Symbol(enzyme.__root__): [Circular],
  Symbol(enzyme.__unrendered__): <List
    RowComponent={[Function]}
    items={
        Array [
            Object {
              "desc": "description of test cake",
              "id": "0",
              "image": "https://picsum.photos/400",
              "title": "Testy Cake",
            },
            Object {
              "desc": "description of this cake",
              "id": "1",
              "image": "https://picsum.photos/400",
              "title": "Testarossa Cake",
            },
          ]
    }
    onRowEdit={[Function]}
    onRowRemove={[Function]}
/>,
  Symbol(enzyme.__renderer__): Object {
    "batchedUpdates": [Function],
    "getNode": [Function],
    "render": [Function],
    "simulateEvent": [Function],
    "unmount": [Function],
  },
  Symbol(enzyme.__node__): Object {
    "instance": null,
    "key": undefined,
    "nodeType": "function",
    "props": Object {
      "children": Array [
        <Cake
          item={
                    Object {
                              "desc": "description of test cake",
                              "id": "0",
                              "image": "https://picsum.photos/400",
                              "title": "Testy Cake",
                            }
          }
          onEdit={[Function]}
          onRemove={[Function]}
/>,
        <Cake
          item={
                    Object {
                              "desc": "description of this cake",
                              "id": "1",
                              "image": "https://picsum.photos/400",
                              "title": "Testarossa Cake",
                            }
          }
          onEdit={[Function]}
          onRemove={[Function]}
/>,
      ],
      "divided": true,
    },
    "ref": null,
    "rendered": Array [
      Object {
        "instance": null,
        "key": "0",
        "nodeType": "class",
        "props": Object {
          "item": Object {
            "desc": "description of test cake",
            "id": "0",
            "image": "https://picsum.photos/400",
            "title": "Testy Cake",
          },
          "onEdit": [Function],
          "onRemove": [Function],
        },
        "ref": null,
        "rendered": null,
        "type": [Function],
      },
      Object {
        "instance": null,
        "key": "1",
        "nodeType": "class",
        "props": Object {
          "item": Object {
            "desc": "description of this cake",
            "id": "1",
            "image": "https://picsum.photos/400",
            "title": "Testarossa Cake",
          },
          "onEdit": [Function],
          "onRemove": [Function],
        },
        "ref": null,
        "rendered": null,
        "type": [Function],
      },
    ],
    "type": [Function],
  },
  Symbol(enzyme.__nodes__): Array [
    Object {
      "instance": null,
      "key": undefined,
      "nodeType": "function",
      "props": Object {
        "children": Array [
          <Cake
            item={
                        Object {
                                    "desc": "description of test cake",
                                    "id": "0",
                                    "image": "https://picsum.photos/400",
                                    "title": "Testy Cake",
                                  }
            }
            onEdit={[Function]}
            onRemove={[Function]}
/>,
          <Cake
            item={
                        Object {
                                    "desc": "description of this cake",
                                    "id": "1",
                                    "image": "https://picsum.photos/400",
                                    "title": "Testarossa Cake",
                                  }
            }
            onEdit={[Function]}
            onRemove={[Function]}
/>,
        ],
        "divided": true,
      },
      "ref": null,
      "rendered": Array [
        Object {
          "instance": null,
          "key": "0",
          "nodeType": "class",
          "props": Object {
            "item": Object {
              "desc": "description of test cake",
              "id": "0",
              "image": "https://picsum.photos/400",
              "title": "Testy Cake",
            },
            "onEdit": [Function],
            "onRemove": [Function],
          },
          "ref": null,
          "rendered": null,
          "type": [Function],
        },
        Object {
          "instance": null,
          "key": "1",
          "nodeType": "class",
          "props": Object {
            "item": Object {
              "desc": "description of this cake",
              "id": "1",
              "image": "https://picsum.photos/400",
              "title": "Testarossa Cake",
            },
            "onEdit": [Function],
            "onRemove": [Function],
          },
          "ref": null,
          "rendered": null,
          "type": [Function],
        },
      ],
      "type": [Function],
    },
  ],
  Symbol(enzyme.__options__): Object {
    "adapter": ReactSixteenAdapter {
      "options": Object {
        "enableComponentDidUpdateOnSetState": true,
      },
    },
  },
}
`;
